#2026 08 31 09:06:42.361#Z#DEBUG#f4f69719-a51a-11f1-a367-eeee0a8d51d5.mdm-businesspartner-srv#flowable-async-job-executor-thread-8098#
[PollStageAppStatusExecution] 9f5d3a8f-af04-4cde-a61c-889c2c8e970b [2026-08-31T09:05:20.831337] Updated app with guid 9f5d3a8f-af04-4cde-a61c-889c2c8e970b ({"environment_variables"=>"[PRIVATE DATA HIDDEN]"}) (STDOUT, API)#
#2026 08 31 09:06:42.361#Z#DEBUG#f4f69719-a51a-11f1-a367-eeee0a8d51d5.mdm-businesspartner-srv#flowable-async-job-executor-thread-8098#
[PollStageAppStatusExecution] 9f5d3a8f-af04-4cde-a61c-889c2c8e970b [2026-08-31T09:06:06.357781] Uploading app package for app with guid 9f5d3a8f-af04-4cde-a61c-889c2c8e970b (STDOUT, API)#
#2026 08 31 09:06:42.361#Z#DEBUG#f4f69719-a51a-11f1-a367-eeee0a8d51d5.mdm-businesspartner-srv#flowable-async-job-executor-thread-8098#
[PollStageAppStatusExecution] 9f5d3a8f-af04-4cde-a61c-889c2c8e970b [2026-08-31T09:06:06.607437] Updated app with guid 9f5d3a8f-af04-4cde-a61c-889c2c8e970b ({"environment_variables"=>"[PRIVATE DATA HIDDEN]"}) (STDOUT, API)#
#2026 08 31 09:06:42.361#Z#DEBUG#f4f69719-a51a-11f1-a367-eeee0a8d51d5.mdm-businesspartner-srv#flowable-async-job-executor-thread-8098#
[PollStageAppStatusExecution] 9f5d3a8f-af04-4cde-a61c-889c2c8e970b [2026-08-31T09:06:29.626680] Stopping app with guid 9f5d3a8f-af04-4cde-a61c-889c2c8e970b (STDOUT, API)#
#2026 08 31 09:06:42.361#Z#DEBUG#f4f69719-a51a-11f1-a367-eeee0a8d51d5.mdm-businesspartner-srv#flowable-async-job-executor-thread-8098#
[PollStageAppStatusExecution] 9f5d3a8f-af04-4cde-a61c-889c2c8e970b [2026-08-31T09:06:30.070017] Cell 90014af4-ed0c-4b05-b670-858048a5418c stopping instance ab7d937d-48d2-4865-45ea-b474 (STDOUT, CELL)#
#2026 08 31 09:06:42.361#Z#DEBUG#f4f69719-a51a-11f1-a367-eeee0a8d51d5.mdm-businesspartner-srv#flowable-async-job-executor-thread-8098#
[PollStageAppStatusExecution] 9f5d3a8f-af04-4cde-a61c-889c2c8e970b [2026-08-31T09:06:30.584865] Creating build for app with guid 9f5d3a8f-af04-4cde-a61c-889c2c8e970b (STDOUT, API)#
#2026 08 31 09:06:42.361#Z#DEBUG#f4f69719-a51a-11f1-a367-eeee0a8d51d5.mdm-businesspartner-srv#flowable-async-job-executor-thread-8098#
[PollStageAppStatusExecution] 9f5d3a8f-af04-4cde-a61c-889c2c8e970b [2026-08-31T09:06:31.089708] Downloading nodejs_buildpack... (STDOUT, STG)#
#2026 08 31 09:06:42.361#Z#DEBUG#f4f69719-a51a-11f1-a367-eeee0a8d51d5.mdm-businesspartner-srv#flowable-async-job-executor-thread-8098#
[PollStageAppStatusExecution] 9f5d3a8f-af04-4cde-a61c-889c2c8e970b [2026-08-31T09:06:31.128386] Downloaded nodejs_buildpack (STDOUT, STG)#
#2026 08 31 09:06:42.361#Z#DEBUG#f4f69719-a51a-11f1-a367-eeee0a8d51d5.mdm-businesspartner-srv#flowable-async-job-executor-thread-8098#
[PollStageAppStatusExecution] 9f5d3a8f-af04-4cde-a61c-889c2c8e970b [2026-08-31T09:06:31.128458] Cell 75ef0f4c-3584-4b53-bf00-f1c792c4b7ce creating container for instance 159672fa-85ab-436f-af49-8c5338ac06a0 (STDOUT, STG)#
#2026 08 31 09:06:42.361#Z#DEBUG#f4f69719-a51a-11f1-a367-eeee0a8d51d5.mdm-businesspartner-srv#flowable-async-job-executor-thread-8098#
[PollStageAppStatusExecution] 9f5d3a8f-af04-4cde-a61c-889c2c8e970b [2026-08-31T09:06:31.718657] Security group rules were updated (STDOUT, STG)#
#2026 08 31 09:06:42.361#Z#DEBUG#f4f69719-a51a-11f1-a367-eeee0a8d51d5.mdm-businesspartner-srv#flowable-async-job-executor-thread-8098#
[PollStageAppStatusExecution] 9f5d3a8f-af04-4cde-a61c-889c2c8e970b [2026-08-31T09:06:31.804217] Cell 75ef0f4c-3584-4b53-bf00-f1c792c4b7ce successfully created container for instance 159672fa-85ab-436f-af49-8c5338ac06a0 (STDOUT, STG)#
#2026 08 31 09:06:42.361#Z#DEBUG#f4f69719-a51a-11f1-a367-eeee0a8d51d5.mdm-businesspartner-srv#flowable-async-job-executor-thread-8098#
[PollStageAppStatusExecution] 9f5d3a8f-af04-4cde-a61c-889c2c8e970b [2026-08-31T09:06:31.972522] Downloading app package... (STDOUT, STG)#
#2026 08 31 09:06:42.361#Z#DEBUG#f4f69719-a51a-11f1-a367-eeee0a8d51d5.mdm-businesspartner-srv#flowable-async-job-executor-thread-8098#
[PollStageAppStatusExecution] 9f5d3a8f-af04-4cde-a61c-889c2c8e970b [2026-08-31T09:06:31.972577] Downloading build artifacts cache... (STDOUT, STG)#
#2026 08 31 09:06:42.361#Z#DEBUG#f4f69719-a51a-11f1-a367-eeee0a8d51d5.mdm-businesspartner-srv#flowable-async-job-executor-thread-8098#
[PollStageAppStatusExecution] 9f5d3a8f-af04-4cde-a61c-889c2c8e970b [2026-08-31T09:06:32.028578] Downloaded build artifacts cache (225B) (STDOUT, STG)#
#2026 08 31 09:06:42.361#Z#DEBUG#f4f69719-a51a-11f1-a367-eeee0a8d51d5.mdm-businesspartner-srv#flowable-async-job-executor-thread-8098#
[PollStageAppStatusExecution] 9f5d3a8f-af04-4cde-a61c-889c2c8e970b [2026-08-31T09:06:34.388690] Downloaded app package (31.4M) (STDOUT, STG)#
#2026 08 31 09:06:42.361#Z#DEBUG#f4f69719-a51a-11f1-a367-eeee0a8d51d5.mdm-businesspartner-srv#flowable-async-job-executor-thread-8098#
[PollStageAppStatusExecution] 9f5d3a8f-af04-4cde-a61c-889c2c8e970b [2026-08-31T09:06:34.475414] -----> Nodejs Buildpack version 1.9.3 (STDOUT, STG)#
#2026 08 31 09:06:42.361#Z#DEBUG#f4f69719-a51a-11f1-a367-eeee0a8d51d5.mdm-businesspartner-srv#flowable-async-job-executor-thread-8098#
[PollStageAppStatusExecution] 9f5d3a8f-af04-4cde-a61c-889c2c8e970b [2026-08-31T09:06:35.272917] -----> Bootstrapping python (STDOUT, STG)#
#2026 08 31 09:06:42.361#Z#DEBUG#f4f69719-a51a-11f1-a367-eeee0a8d51d5.mdm-businesspartner-srv#flowable-async-job-executor-thread-8098#
[PollStageAppStatusExecution] 9f5d3a8f-af04-4cde-a61c-889c2c8e970b [2026-08-31T09:06:35.272940] -----> Installing python 3.13.14 (STDOUT, STG)#
#2026 08 31 09:06:42.361#Z#DEBUG#f4f69719-a51a-11f1-a367-eeee0a8d51d5.mdm-businesspartner-srv#flowable-async-job-executor-thread-8098#
[PollStageAppStatusExecution] 9f5d3a8f-af04-4cde-a61c-889c2c8e970b [2026-08-31T09:06:35.273024] Copy [/tmp/buildpacks/9936862875b7d90e/dependencies/4b4266a2ff36730aef37b88b668ca327/python_3.13.14_linux_x64_cflinuxfs4_b80d4954.tgz] (STDOUT, STG)#
#2026 08 31 09:06:42.361#Z#DEBUG#f4f69719-a51a-11f1-a367-eeee0a8d51d5.mdm-businesspartner-srv#flowable-async-job-executor-thread-8098#
[PollStageAppStatusExecution] 9f5d3a8f-af04-4cde-a61c-889c2c8e970b [2026-08-31T09:06:38.620104] -----> Installing binaries (STDOUT, STG)#
#2026 08 31 09:06:42.361#Z#DEBUG#f4f69719-a51a-11f1-a367-eeee0a8d51d5.mdm-businesspartner-srv#flowable-async-job-executor-thread-8098#
[PollStageAppStatusExecution] 9f5d3a8f-af04-4cde-a61c-889c2c8e970b [2026-08-31T09:06:38.620229] engines.node (package.json): >=22 (STDOUT, STG)#
#2026 08 31 09:06:42.361#Z#DEBUG#f4f69719-a51a-11f1-a367-eeee0a8d51d5.mdm-businesspartner-srv#flowable-async-job-executor-thread-8098#
[PollStageAppStatusExecution] 9f5d3a8f-af04-4cde-a61c-889c2c8e970b [2026-08-31T09:06:38.620241] engines.npm (package.json): unspecified (use default) (STDOUT, STG)#
#2026 08 31 09:06:42.361#Z#DEBUG#f4f69719-a51a-11f1-a367-eeee0a8d51d5.mdm-businesspartner-srv#flowable-async-job-executor-thread-8098#
[PollStageAppStatusExecution] 9f5d3a8f-af04-4cde-a61c-889c2c8e970b [2026-08-31T09:06:38.620244] [31;1m**WARNING**[0m Dangerous semver range (>) in engines.node. See: http://docs.cloudfoundry.org/buildpacks/node/node-tips.html (STDOUT, STG)#
#2026 08 31 09:06:42.361#Z#DEBUG#f4f69719-a51a-11f1-a367-eeee0a8d51d5.mdm-businesspartner-srv#flowable-async-job-executor-thread-8098#
[PollStageAppStatusExecution] 9f5d3a8f-af04-4cde-a61c-889c2c8e970b [2026-08-31T09:06:38.620317] -----> Installing node 24.18.0 (STDOUT, STG)#
#2026 08 31 09:06:42.361#Z#DEBUG#f4f69719-a51a-11f1-a367-eeee0a8d51d5.mdm-businesspartner-srv#flowable-async-job-executor-thread-8098#
[PollStageAppStatusExecution] 9f5d3a8f-af04-4cde-a61c-889c2c8e970b [2026-08-31T09:06:38.620489] Copy [/tmp/buildpacks/9936862875b7d90e/dependencies/dffbbb835fcd073c4544f78eb6247fac/node_24.18.0_linux_x64_cflinuxfs4_cdfed650.tgz] (STDOUT, STG)#
#2026 08 31 09:06:42.361#Z#DEBUG#f4f69719-a51a-11f1-a367-eeee0a8d51d5.mdm-businesspartner-srv#flowable-async-job-executor-thread-8098#
[PollStageAppStatusExecution] 9f5d3a8f-af04-4cde-a61c-889c2c8e970b [2026-08-31T09:06:40.527159] Using default npm version: 11.16.0 (STDOUT, STG)#
#2026 08 31 09:06:42.361#Z#DEBUG#f4f69719-a51a-11f1-a367-eeee0a8d51d5.mdm-businesspartner-srv#flowable-async-job-executor-thread-8098#
[PollStageAppStatusExecution] 9f5d3a8f-af04-4cde-a61c-889c2c8e970b [2026-08-31T09:06:40.527186] -----> Installing yarn 1.22.22 (STDOUT, STG)#
#2026 08 31 09:06:42.361#Z#DEBUG#f4f69719-a51a-11f1-a367-eeee0a8d51d5.mdm-businesspartner-srv#flowable-async-job-executor-thread-8098#
[PollStageAppStatusExecution] 9f5d3a8f-af04-4cde-a61c-889c2c8e970b [2026-08-31T09:06:40.527300] Copy [/tmp/buildpacks/9936862875b7d90e/dependencies/e4fe26756e9984a665478d350474fa2e/yarn_1.22.22_linux_noarch_any-stack_b6132b86.tgz] (STDOUT, STG)#
#2026 08 31 09:06:42.361#Z#DEBUG#f4f69719-a51a-11f1-a367-eeee0a8d51d5.mdm-businesspartner-srv#flowable-async-job-executor-thread-8098#
[PollStageAppStatusExecution] 9f5d3a8f-af04-4cde-a61c-889c2c8e970b [2026-08-31T09:06:40.798172] Installed yarn 1.22.22 (STDOUT, STG)#
#2026 08 31 09:06:42.361#Z#DEBUG#f4f69719-a51a-11f1-a367-eeee0a8d51d5.mdm-businesspartner-srv#flowable-async-job-executor-thread-8098#
[PollStageAppStatusExecution] 9f5d3a8f-af04-4cde-a61c-889c2c8e970b [2026-08-31T09:06:40.798190] -----> Creating runtime environment (STDOUT, STG)#
#2026 08 31 09:06:42.361#Z#DEBUG#f4f69719-a51a-11f1-a367-eeee0a8d51d5.mdm-businesspartner-srv#flowable-async-job-executor-thread-8098#
[PollStageAppStatusExecution] 9f5d3a8f-af04-4cde-a61c-889c2c8e970b [2026-08-31T09:06:40.799906] NODE_ENV=production (STDOUT, STG)#
#2026 08 31 09:06:42.361#Z#DEBUG#f4f69719-a51a-11f1-a367-eeee0a8d51d5.mdm-businesspartner-srv#flowable-async-job-executor-thread-8098#
[PollStageAppStatusExecution] 9f5d3a8f-af04-4cde-a61c-889c2c8e970b [2026-08-31T09:06:40.799929] NODE_HOME=/tmp/contents886392407/deps/0/node (STDOUT, STG)#
#2026 08 31 09:06:42.361#Z#DEBUG#f4f69719-a51a-11f1-a367-eeee0a8d51d5.mdm-businesspartner-srv#flowable-async-job-executor-thread-8098#
[PollStageAppStatusExecution] 9f5d3a8f-af04-4cde-a61c-889c2c8e970b [2026-08-31T09:06:40.799932] NODE_MODULES_CACHE=true (STDOUT, STG)#
#2026 08 31 09:06:42.361#Z#DEBUG#f4f69719-a51a-11f1-a367-eeee0a8d51d5.mdm-businesspartner-srv#flowable-async-job-executor-thread-8098#
[PollStageAppStatusExecution] 9f5d3a8f-af04-4cde-a61c-889c2c8e970b [2026-08-31T09:06:40.799935] NODE_VERBOSE=false (STDOUT, STG)#
#2026 08 31 09:06:42.361#Z#DEBUG#f4f69719-a51a-11f1-a367-eeee0a8d51d5.mdm-businesspartner-srv#flowable-async-job-executor-thread-8098#
[PollStageAppStatusExecution] 9f5d3a8f-af04-4cde-a61c-889c2c8e970b [2026-08-31T09:06:40.799938] NPM_CONFIG_LOGLEVEL=error (STDOUT, STG)#
#2026 08 31 09:06:42.361#Z#DEBUG#f4f69719-a51a-11f1-a367-eeee0a8d51d5.mdm-businesspartner-srv#flowable-async-job-executor-thread-8098#
[PollStageAppStatusExecution] 9f5d3a8f-af04-4cde-a61c-889c2c8e970b [2026-08-31T09:06:40.799942] NPM_CONFIG_PRODUCTION=true (STDOUT, STG)#
#2026 08 31 09:06:42.361#Z#DEBUG#f4f69719-a51a-11f1-a367-eeee0a8d51d5.mdm-businesspartner-srv#flowable-async-job-executor-thread-8098#
[PollStageAppStatusExecution] 9f5d3a8f-af04-4cde-a61c-889c2c8e970b [2026-08-31T09:06:40.799956] -----> Building dependencies (STDOUT, STG)#
#2026 08 31 09:06:42.361#Z#DEBUG#f4f69719-a51a-11f1-a367-eeee0a8d51d5.mdm-businesspartner-srv#flowable-async-job-executor-thread-8098#
[PollStageAppStatusExecution] 9f5d3a8f-af04-4cde-a61c-889c2c8e970b [2026-08-31T09:06:40.799960] Prebuild detected (node_modules already exists) (STDOUT, STG)#
#2026 08 31 09:06:42.361#Z#DEBUG#f4f69719-a51a-11f1-a367-eeee0a8d51d5.mdm-businesspartner-srv#flowable-async-job-executor-thread-8098#
[PollStageAppStatusExecution] 9f5d3a8f-af04-4cde-a61c-889c2c8e970b [2026-08-31T09:06:40.800099] Rebuilding any native modules (STDOUT, STG)#
#2026 08 31 09:07:40.733#Z#DEBUG#f4f69719-a51a-11f1-a367-eeee0a8d51d5.mdm-businesspartner-srv#flowable-async-job-executor-thread-9974#
[PollStageAppStatusExecution] 9f5d3a8f-af04-4cde-a61c-889c2c8e970b [2026-08-31T09:07:36.564081] Cell 90014af4-ed0c-4b05-b670-858048a5418c destroying container for instance ab7d937d-48d2-4865-45ea-b474 (STDOUT, CELL)#
#2026 08 31 09:07:40.733#Z#DEBUG#f4f69719-a51a-11f1-a367-eeee0a8d51d5.mdm-businesspartner-srv#flowable-async-job-executor-thread-9974#
[PollStageAppStatusExecution] 9f5d3a8f-af04-4cde-a61c-889c2c8e970b [2026-08-31T09:07:37.375051] rebuilt dependencies successfully (STDOUT, STG)#
#2026 08 31 09:07:40.733#Z#DEBUG#f4f69719-a51a-11f1-a367-eeee0a8d51d5.mdm-businesspartner-srv#flowable-async-job-executor-thread-9974#
[PollStageAppStatusExecution] 9f5d3a8f-af04-4cde-a61c-889c2c8e970b [2026-08-31T09:07:37.376701] npm notice (STDOUT, STG)#
#2026 08 31 09:07:40.733#Z#DEBUG#f4f69719-a51a-11f1-a367-eeee0a8d51d5.mdm-businesspartner-srv#flowable-async-job-executor-thread-9974#
[PollStageAppStatusExecution] 9f5d3a8f-af04-4cde-a61c-889c2c8e970b [2026-08-31T09:07:37.376723] npm notice New major version of npm available! 11.16.0 -> 12.0.2 (STDOUT, STG)#
#2026 08 31 09:07:40.733#Z#DEBUG#f4f69719-a51a-11f1-a367-eeee0a8d51d5.mdm-businesspartner-srv#flowable-async-job-executor-thread-9974#
[PollStageAppStatusExecution] 9f5d3a8f-af04-4cde-a61c-889c2c8e970b [2026-08-31T09:07:37.376730] npm notice Changelog: https://github.com/npm/cli/releases/tag/v12.0.2 (STDOUT, STG)#
#2026 08 31 09:07:40.733#Z#DEBUG#f4f69719-a51a-11f1-a367-eeee0a8d51d5.mdm-businesspartner-srv#flowable-async-job-executor-thread-9974#
[PollStageAppStatusExecution] 9f5d3a8f-af04-4cde-a61c-889c2c8e970b [2026-08-31T09:07:37.376731] npm notice To update run: npm install -g npm@12.0.2 (STDOUT, STG)#
#2026 08 31 09:07:40.733#Z#DEBUG#f4f69719-a51a-11f1-a367-eeee0a8d51d5.mdm-businesspartner-srv#flowable-async-job-executor-thread-9974#
[PollStageAppStatusExecution] 9f5d3a8f-af04-4cde-a61c-889c2c8e970b [2026-08-31T09:07:37.376736] npm notice (STDOUT, STG)#
#2026 08 31 09:07:40.733#Z#DEBUG#f4f69719-a51a-11f1-a367-eeee0a8d51d5.mdm-businesspartner-srv#flowable-async-job-executor-thread-9974#
[PollStageAppStatusExecution] 9f5d3a8f-af04-4cde-a61c-889c2c8e970b [2026-08-31T09:07:37.380292] Exit status 137 (STDOUT, PROXY)#
#2026 08 31 09:07:40.733#Z#DEBUG#f4f69719-a51a-11f1-a367-eeee0a8d51d5.mdm-businesspartner-srv#flowable-async-job-executor-thread-9974#
[PollStageAppStatusExecution] 9f5d3a8f-af04-4cde-a61c-889c2c8e970b [2026-08-31T09:07:37.433954] Installing any new modules (package.json + package-lock.json) (STDOUT, STG)#
#2026 08 31 09:07:40.733#Z#DEBUG#f4f69719-a51a-11f1-a367-eeee0a8d51d5.mdm-businesspartner-srv#flowable-async-job-executor-thread-9974#
[PollStageAppStatusExecution] 9f5d3a8f-af04-4cde-a61c-889c2c8e970b [2026-08-31T09:07:38.367103] up to date in 864ms (STDOUT, STG)#
#2026 08 31 09:07:40.733#Z#DEBUG#f4f69719-a51a-11f1-a367-eeee0a8d51d5.mdm-businesspartner-srv#flowable-async-job-executor-thread-9974#
[PollStageAppStatusExecution] 9f5d3a8f-af04-4cde-a61c-889c2c8e970b [2026-08-31T09:07:38.367401] 59 packages are looking for funding (STDOUT, STG)#
#2026 08 31 09:07:40.733#Z#DEBUG#f4f69719-a51a-11f1-a367-eeee0a8d51d5.mdm-businesspartner-srv#flowable-async-job-executor-thread-9974#
[PollStageAppStatusExecution] 9f5d3a8f-af04-4cde-a61c-889c2c8e970b [2026-08-31T09:07:38.367486] run `npm fund` for details (STDOUT, STG)#
#2026 08 31 09:07:40.733#Z#DEBUG#f4f69719-a51a-11f1-a367-eeee0a8d51d5.mdm-businesspartner-srv#flowable-async-job-executor-thread-9974#
[PollStageAppStatusExecution] 9f5d3a8f-af04-4cde-a61c-889c2c8e970b [2026-08-31T09:07:38.995217] Cell 90014af4-ed0c-4b05-b670-858048a5418c successfully destroyed container for instance ab7d937d-48d2-4865-45ea-b474 (STDOUT, CELL)#
#2026 08 31 09:07:40.733#Z#DEBUG#f4f69719-a51a-11f1-a367-eeee0a8d51d5.mdm-businesspartner-srv#flowable-async-job-executor-thread-9974#
[PollStageAppStatusExecution] 9f5d3a8f-af04-4cde-a61c-889c2c8e970b [2026-08-31T09:07:39.744622] Contrast Security no credentials found. Will not write environment files. (STDOUT, STG)#
#2026 08 31 09:08:05.786#Z#DEBUG#f4f69719-a51a-11f1-a367-eeee0a8d51d5.mdm-businesspartner-srv#flowable-async-job-executor-thread-9932#
[PollStageAppStatusExecution] 9f5d3a8f-af04-4cde-a61c-889c2c8e970b [2026-08-31T09:07:53.376269] Exit status 0 (STDOUT, STG)#
#2026 08 31 09:08:05.786#Z#DEBUG#f4f69719-a51a-11f1-a367-eeee0a8d51d5.mdm-businesspartner-srv#flowable-async-job-executor-thread-9932#
[PollStageAppStatusExecution] 9f5d3a8f-af04-4cde-a61c-889c2c8e970b [2026-08-31T09:07:53.376316] Uploading droplet, build artifacts cache... (STDOUT, STG)#
#2026 08 31 09:08:05.786#Z#DEBUG#f4f69719-a51a-11f1-a367-eeee0a8d51d5.mdm-businesspartner-srv#flowable-async-job-executor-thread-9932#
[PollStageAppStatusExecution] 9f5d3a8f-af04-4cde-a61c-889c2c8e970b [2026-08-31T09:07:53.376347] Uploading build artifacts cache... (STDOUT, STG)#
#2026 08 31 09:08:05.786#Z#DEBUG#f4f69719-a51a-11f1-a367-eeee0a8d51d5.mdm-businesspartner-srv#flowable-async-job-executor-thread-9932#
[PollStageAppStatusExecution] 9f5d3a8f-af04-4cde-a61c-889c2c8e970b [2026-08-31T09:07:53.376355] Uploading droplet... (STDOUT, STG)#
#2026 08 31 09:08:05.786#Z#DEBUG#f4f69719-a51a-11f1-a367-eeee0a8d51d5.mdm-businesspartner-srv#flowable-async-job-executor-thread-9932#
[PollStageAppStatusExecution] 9f5d3a8f-af04-4cde-a61c-889c2c8e970b [2026-08-31T09:07:53.397164] Uploaded build artifacts cache (223B) (STDOUT, STG)#
#2026 08 31 09:08:05.786#Z#DEBUG#f4f69719-a51a-11f1-a367-eeee0a8d51d5.mdm-businesspartner-srv#flowable-async-job-executor-thread-9932#
[PollStageAppStatusExecution] 9f5d3a8f-af04-4cde-a61c-889c2c8e970b [2026-08-31T09:07:54.164676] Creating droplet for app with guid 9f5d3a8f-af04-4cde-a61c-889c2c8e970b (STDOUT, API)#
#2026 08 31 09:08:05.786#Z#DEBUG#f4f69719-a51a-11f1-a367-eeee0a8d51d5.mdm-businesspartner-srv#flowable-async-job-executor-thread-9932#
[PollStageAppStatusExecution] 9f5d3a8f-af04-4cde-a61c-889c2c8e970b [2026-08-31T09:07:56.251636] Uploaded droplet (80.9M) (STDOUT, STG)#
#2026 08 31 09:08:05.786#Z#DEBUG#f4f69719-a51a-11f1-a367-eeee0a8d51d5.mdm-businesspartner-srv#flowable-async-job-executor-thread-9932#
[PollStageAppStatusExecution] 9f5d3a8f-af04-4cde-a61c-889c2c8e970b [2026-08-31T09:07:56.274668] Uploading complete (STDOUT, STG)#
#2026 08 31 09:08:05.786#Z#DEBUG#f4f69719-a51a-11f1-a367-eeee0a8d51d5.mdm-businesspartner-srv#flowable-async-job-executor-thread-9932#
[PollStageAppStatusExecution] 9f5d3a8f-af04-4cde-a61c-889c2c8e970b [2026-08-31T09:07:57.038563] Cell 75ef0f4c-3584-4b53-bf00-f1c792c4b7ce stopping instance 159672fa-85ab-436f-af49-8c5338ac06a0 (STDOUT, STG)#
#2026 08 31 09:08:05.786#Z#DEBUG#f4f69719-a51a-11f1-a367-eeee0a8d51d5.mdm-businesspartner-srv#flowable-async-job-executor-thread-9932#
[PollStageAppStatusExecution] 9f5d3a8f-af04-4cde-a61c-889c2c8e970b [2026-08-31T09:07:57.038595] Cell 75ef0f4c-3584-4b53-bf00-f1c792c4b7ce destroying container for instance 159672fa-85ab-436f-af49-8c5338ac06a0 (STDOUT, STG)#
#2026 08 31 09:08:05.786#Z#DEBUG#f4f69719-a51a-11f1-a367-eeee0a8d51d5.mdm-businesspartner-srv#flowable-async-job-executor-thread-9932#
[PollStageAppStatusExecution] 9f5d3a8f-af04-4cde-a61c-889c2c8e970b [2026-08-31T09:07:57.091694] Staging complete for build 159672fa-85ab-436f-af49-8c5338ac06a0 (STDOUT, API)#
#2026 08 31 09:08:05.786#Z#DEBUG#f4f69719-a51a-11f1-a367-eeee0a8d51d5.mdm-businesspartner-srv#flowable-async-job-executor-thread-9932#
[PollStageAppStatusExecution] 9f5d3a8f-af04-4cde-a61c-889c2c8e970b [2026-08-31T09:07:59.556140] Cell 75ef0f4c-3584-4b53-bf00-f1c792c4b7ce successfully destroyed container for instance 159672fa-85ab-436f-af49-8c5338ac06a0 (STDOUT, STG)#
#2026 08 31 09:08:17.520#Z#DEBUG#f4f69719-a51a-11f1-a367-eeee0a8d51d5.mdm-businesspartner-srv#flowable-async-job-executor-thread-9099#
[PollStartAppStatusExecution] 9f5d3a8f-af04-4cde-a61c-889c2c8e970b [2026-08-31T09:08:05.881633] Updated app with guid 9f5d3a8f-af04-4cde-a61c-889c2c8e970b ({:droplet_guid=>"d61d2cc8-c057-4c22-be31-dad4e56e057e"}) (STDOUT, API)#
#2026 08 31 09:08:17.520#Z#DEBUG#f4f69719-a51a-11f1-a367-eeee0a8d51d5.mdm-businesspartner-srv#flowable-async-job-executor-thread-9099#
[PollStartAppStatusExecution] 9f5d3a8f-af04-4cde-a61c-889c2c8e970b [2026-08-31T09:08:06.380709] Creating revision for app with guid 9f5d3a8f-af04-4cde-a61c-889c2c8e970b (STDOUT, API)#
#2026 08 31 09:08:17.520#Z#DEBUG#f4f69719-a51a-11f1-a367-eeee0a8d51d5.mdm-businesspartner-srv#flowable-async-job-executor-thread-9099#
[PollStartAppStatusExecution] 9f5d3a8f-af04-4cde-a61c-889c2c8e970b [2026-08-31T09:08:06.420511] Starting app with guid 9f5d3a8f-af04-4cde-a61c-889c2c8e970b (STDOUT, API)#
#2026 08 31 09:08:17.520#Z#DEBUG#f4f69719-a51a-11f1-a367-eeee0a8d51d5.mdm-businesspartner-srv#flowable-async-job-executor-thread-9099#
[PollStartAppStatusExecution] 9f5d3a8f-af04-4cde-a61c-889c2c8e970b [2026-08-31T09:08:06.753736] Cell 19a48790-ff0a-4b72-8138-7ba3c13a85af creating container for instance 366b4252-243e-4c25-5227-15d8 (STDOUT, CELL)#
#2026 08 31 09:08:17.520#Z#DEBUG#f4f69719-a51a-11f1-a367-eeee0a8d51d5.mdm-businesspartner-srv#flowable-async-job-executor-thread-9099#
[PollStartAppStatusExecution] 9f5d3a8f-af04-4cde-a61c-889c2c8e970b [2026-08-31T09:08:07.717015] Security group rules were updated (STDOUT, CELL)#
#2026 08 31 09:08:17.520#Z#DEBUG#f4f69719-a51a-11f1-a367-eeee0a8d51d5.mdm-businesspartner-srv#flowable-async-job-executor-thread-9099#
[PollStartAppStatusExecution] 9f5d3a8f-af04-4cde-a61c-889c2c8e970b [2026-08-31T09:08:07.791716] Cell 19a48790-ff0a-4b72-8138-7ba3c13a85af successfully created container for instance 366b4252-243e-4c25-5227-15d8 (STDOUT, CELL)#
#2026 08 31 09:08:17.520#Z#DEBUG#f4f69719-a51a-11f1-a367-eeee0a8d51d5.mdm-businesspartner-srv#flowable-async-job-executor-thread-9099#
[PollStartAppStatusExecution] 9f5d3a8f-af04-4cde-a61c-889c2c8e970b [2026-08-31T09:08:08.159181] Downloading droplet... (STDOUT, CELL)#
#2026 08 31 09:08:17.520#Z#DEBUG#f4f69719-a51a-11f1-a367-eeee0a8d51d5.mdm-businesspartner-srv#flowable-async-job-executor-thread-9099#
[PollStartAppStatusExecution] 9f5d3a8f-af04-4cde-a61c-889c2c8e970b [2026-08-31T09:08:13.118182] Downloaded droplet (80.9M) (STDOUT, CELL)#
#2026 08 31 09:08:17.520#Z#DEBUG#f4f69719-a51a-11f1-a367-eeee0a8d51d5.mdm-businesspartner-srv#flowable-async-job-executor-thread-9099#
[PollStartAppStatusExecution] 9f5d3a8f-af04-4cde-a61c-889c2c8e970b [2026-08-31T09:08:13.118307] Starting health monitoring of container (STDOUT, CELL)#
#2026 08 31 09:08:17.520#Z#DEBUG#f4f69719-a51a-11f1-a367-eeee0a8d51d5.mdm-businesspartner-srv#flowable-async-job-executor-thread-9099#
[PollStartAppStatusExecution] 9f5d3a8f-af04-4cde-a61c-889c2c8e970b [2026-08-31T09:08:13.118341] Starting readiness health monitoring of container (STDOUT, HEALTH)#
#2026 08 31 09:08:17.520#Z#DEBUG#f4f69719-a51a-11f1-a367-eeee0a8d51d5.mdm-businesspartner-srv#flowable-async-job-executor-thread-9099#
[PollStartAppStatusExecution] 9f5d3a8f-af04-4cde-a61c-889c2c8e970b [2026-08-31T09:08:13.235192] Invoking pre-start scripts. (STDOUT, APP/PROC/WEB)#
#2026 08 31 09:08:17.520#Z#DEBUG#f4f69719-a51a-11f1-a367-eeee0a8d51d5.mdm-businesspartner-srv#flowable-async-job-executor-thread-9099#
[PollStartAppStatusExecution] 9f5d3a8f-af04-4cde-a61c-889c2c8e970b [2026-08-31T09:08:13.443995] Invoking start command. (STDOUT, APP/PROC/WEB)#
#2026 08 31 09:08:17.520#Z#DEBUG#f4f69719-a51a-11f1-a367-eeee0a8d51d5.mdm-businesspartner-srv#flowable-async-job-executor-thread-9099#
[PollStartAppStatusExecution] 9f5d3a8f-af04-4cde-a61c-889c2c8e970b [2026-08-31T09:08:13.826193] > mdm-md-businesspartner-manage@1.13.2 start (STDOUT, APP/PROC/WEB)#
#2026 08 31 09:08:17.520#Z#DEBUG#f4f69719-a51a-11f1-a367-eeee0a8d51d5.mdm-businesspartner-srv#flowable-async-job-executor-thread-9099#
[PollStartAppStatusExecution] 9f5d3a8f-af04-4cde-a61c-889c2c8e970b [2026-08-31T09:08:13.826209] > cds-serve (STDOUT, APP/PROC/WEB)#
#2026 08 31 09:08:17.520#Z#DEBUG#f4f69719-a51a-11f1-a367-eeee0a8d51d5.mdm-businesspartner-srv#flowable-async-job-executor-thread-9099#
[PollStartAppStatusExecution] 9f5d3a8f-af04-4cde-a61c-889c2c8e970b [2026-08-31T09:08:14.365908] {"level":"info","logger":"cds","timestamp":"2026-08-31T09:08:14.364Z","layer":"cds","component_type":"application","container_id":"10.0.201.15","component_id":"9f5d3a8f-af04-4cde-a61c-889c2c8e970b","component_name":"mdm-businesspartner-srv","component_instance":0,"source_instance":0,"organization_name":"alluvion-dev-cf","organization_id":"4db8ddab-8d73-489a-b1fa-132bb982d690","space_name":"dev","space_id":"1570c08f-8417-47b0-a70e-b3dd46bc3541","msg":"loaded model from 1 file(s):\n","type":"log"} (STDOUT, APP/PROC/WEB)#
#2026 08 31 09:08:17.520#Z#DEBUG#f4f69719-a51a-11f1-a367-eeee0a8d51d5.mdm-businesspartner-srv#flowable-async-job-executor-thread-9099#
[PollStartAppStatusExecution] 9f5d3a8f-af04-4cde-a61c-889c2c8e970b [2026-08-31T09:08:14.367178] srv/csn.json (STDOUT, APP/PROC/WEB)#
#2026 08 31 09:08:17.520#Z#DEBUG#f4f69719-a51a-11f1-a367-eeee0a8d51d5.mdm-businesspartner-srv#flowable-async-job-executor-thread-9099#
[PollStartAppStatusExecution] 9f5d3a8f-af04-4cde-a61c-889c2c8e970b [2026-08-31T09:08:14.848098] {"level":"info","logger":"cds","timestamp":"2026-08-31T09:08:14.847Z","layer":"cds","component_type":"application","container_id":"10.0.201.15","component_id":"9f5d3a8f-af04-4cde-a61c-889c2c8e970b","component_name":"mdm-businesspartner-srv","component_instance":0,"source_instance":0,"organization_name":"alluvion-dev-cf","organization_id":"4db8ddab-8d73-489a-b1fa-132bb982d690","space_name":"dev","space_id":"1570c08f-8417-47b0-a70e-b3dd46bc3541","msg":"connect to db > postgres {\n  username: '84b634d22afa',\n  password: '...',\n  hostname: 'postgres-4e4c8787-98ac-4583-b73b-a74acc00a101.ce4jcviyvogb.eu-central-1.rds.amazonaws.com',\n  dbname: 'OkcXRFKsXkUk',\n  port: '8346',\n  uri: 'postgres://84b634d22afa:7475dd5f0ca0500cb37706@postgres-4e4c8787-98ac-4583-b73b-a74acc00a101.ce4jcviyvogb.eu-central-1.rds.amazonaws.com:8346/OkcXRFKsXkUk',\n  urls: {\n    api_server: 'https://api-backing-services.eu10-004.data.services.cloud.sap'\n  },\n  sslcert: '...',\n  sslrootcert: '...'\n}","type":"log"} (STDOUT, APP/PROC/WEB)#
#2026 08 31 09:08:17.520#Z#DEBUG#f4f69719-a51a-11f1-a367-eeee0a8d51d5.mdm-businesspartner-srv#flowable-async-job-executor-thread-9099#
[PollStartAppStatusExecution] 9f5d3a8f-af04-4cde-a61c-889c2c8e970b [2026-08-31T09:08:15.154007] {"level":"info","logger":"cds","timestamp":"2026-08-31T09:08:15.153Z","layer":"cds","component_type":"application","container_id":"10.0.201.15","component_id":"9f5d3a8f-af04-4cde-a61c-889c2c8e970b","component_name":"mdm-businesspartner-srv","component_instance":0,"source_instance":0,"organization_name":"alluvion-dev-cf","organization_id":"4db8ddab-8d73-489a-b1fa-132bb982d690","space_name":"dev","space_id":"1570c08f-8417-47b0-a70e-b3dd46bc3541","msg":"connect to API_BUSINESS_PARTNER > odata-v2 { destination: 'VF_S4HANA_DEST', path: '/API_BUSINESS_PARTNER' }","type":"log"} (STDOUT, APP/PROC/WEB)#
#2026 08 31 09:08:17.520#Z#DEBUG#f4f69719-a51a-11f1-a367-eeee0a8d51d5.mdm-businesspartner-srv#flowable-async-job-executor-thread-9099#
[PollStartAppStatusExecution] 9f5d3a8f-af04-4cde-a61c-889c2c8e970b [2026-08-31T09:08:15.154231] {"level":"info","logger":"cds","timestamp":"2026-08-31T09:08:15.153Z","layer":"cds","component_type":"application","container_id":"10.0.201.15","component_id":"9f5d3a8f-af04-4cde-a61c-889c2c8e970b","component_name":"mdm-businesspartner-srv","component_instance":0,"source_instance":0,"organization_name":"alluvion-dev-cf","organization_id":"4db8ddab-8d73-489a-b1fa-132bb982d690","space_name":"dev","space_id":"1570c08f-8417-47b0-a70e-b3dd46bc3541","msg":"connect to ZSRVB_MDMLIGHT_VH > odata-v2 { destination: 'VF_S4HANA_DEST', path: '/ZSRVB_MDMLIGHT_VH' }","type":"log"} (STDOUT, APP/PROC/WEB)#
#2026 08 31 09:08:17.520#Z#DEBUG#f4f69719-a51a-11f1-a367-eeee0a8d51d5.mdm-businesspartner-srv#flowable-async-job-executor-thread-9099#
[PollStartAppStatusExecution] 9f5d3a8f-af04-4cde-a61c-889c2c8e970b [2026-08-31T09:08:15.162540] {"level":"info","logger":"cds","timestamp":"2026-08-31T09:08:15.162Z","layer":"cds","component_type":"application","container_id":"10.0.201.15","component_id":"9f5d3a8f-af04-4cde-a61c-889c2c8e970b","component_name":"mdm-businesspartner-srv","component_instance":0,"source_instance":0,"organization_name":"alluvion-dev-cf","organization_id":"4db8ddab-8d73-489a-b1fa-132bb982d690","space_name":"dev","space_id":"1570c08f-8417-47b0-a70e-b3dd46bc3541","msg":"using auth strategy {\n  kind: 'xsuaa',\n  impl: 'node_modules/@sap/cds/lib/srv/middlewares/auth/jwt-auth'\n} \n","type":"log"} (STDOUT, APP/PROC/WEB)#
#2026 08 31 09:08:17.520#Z#DEBUG#f4f69719-a51a-11f1-a367-eeee0a8d51d5.mdm-businesspartner-srv#flowable-async-job-executor-thread-9099#
[PollStartAppStatusExecution] 9f5d3a8f-af04-4cde-a61c-889c2c8e970b [2026-08-31T09:08:15.183262] {"level":"info","logger":"cds","timestamp":"2026-08-31T09:08:15.182Z","layer":"cds","component_type":"application","container_id":"10.0.201.15","component_id":"9f5d3a8f-af04-4cde-a61c-889c2c8e970b","component_name":"mdm-businesspartner-srv","component_instance":0,"source_instance":0,"organization_name":"alluvion-dev-cf","organization_id":"4db8ddab-8d73-489a-b1fa-132bb982d690","space_name":"dev","space_id":"1570c08f-8417-47b0-a70e-b3dd46bc3541","msg":"serving BusinessPartnerService {\n  impl: 'srv/business-partner-service.js',\n  path: '/service/businesspartner'\n}","type":"log"} (STDOUT, APP/PROC/WEB)#
#2026 08 31 09:08:17.520#Z#DEBUG#f4f69719-a51a-11f1-a367-eeee0a8d51d5.mdm-businesspartner-srv#flowable-async-job-executor-thread-9099#
[PollStartAppStatusExecution] 9f5d3a8f-af04-4cde-a61c-889c2c8e970b [2026-08-31T09:08:15.183843] {"level":"info","logger":"cds","timestamp":"2026-08-31T09:08:15.183Z","layer":"cds","component_type":"application","container_id":"10.0.201.15","component_id":"9f5d3a8f-af04-4cde-a61c-889c2c8e970b","component_name":"mdm-businesspartner-srv","component_instance":0,"source_instance":0,"organization_name":"alluvion-dev-cf","organization_id":"4db8ddab-8d73-489a-b1fa-132bb982d690","space_name":"dev","space_id":"1570c08f-8417-47b0-a70e-b3dd46bc3541","msg":"serving ChangeRequestService {\n  impl: 'srv/change-request-service.js',\n  path: '/service/changerequest'\n}","type":"log"} (STDOUT, APP/PROC/WEB)#
#2026 08 31 09:08:17.520#Z#DEBUG#f4f69719-a51a-11f1-a367-eeee0a8d51d5.mdm-businesspartner-srv#flowable-async-job-executor-thread-9099#
[PollStartAppStatusExecution] 9f5d3a8f-af04-4cde-a61c-889c2c8e970b [2026-08-31T09:08:15.184091] {"level":"info","logger":"cds","timestamp":"2026-08-31T09:08:15.183Z","layer":"cds","component_type":"application","container_id":"10.0.201.15","component_id":"9f5d3a8f-af04-4cde-a61c-889c2c8e970b","component_name":"mdm-businesspartner-srv","component_instance":0,"source_instance":0,"organization_name":"alluvion-dev-cf","organization_id":"4db8ddab-8d73-489a-b1fa-132bb982d690","space_name":"dev","space_id":"1570c08f-8417-47b0-a70e-b3dd46bc3541","msg":"serving CviConfigService { impl: 'srv/cvi-config-service.js', path: '/service/cviconfig' }","type":"log"} (STDOUT, APP/PROC/WEB)#
#2026 08 31 09:08:17.520#Z#DEBUG#f4f69719-a51a-11f1-a367-eeee0a8d51d5.mdm-businesspartner-srv#flowable-async-job-executor-thread-9099#
[PollStartAppStatusExecution] 9f5d3a8f-af04-4cde-a61c-889c2c8e970b [2026-08-31T09:08:15.184472] {"level":"info","logger":"cds","timestamp":"2026-08-31T09:08:15.184Z","layer":"cds","component_type":"application","container_id":"10.0.201.15","component_id":"9f5d3a8f-af04-4cde-a61c-889c2c8e970b","component_name":"mdm-businesspartner-srv","component_instance":0,"source_instance":0,"organization_name":"alluvion-dev-cf","organization_id":"4db8ddab-8d73-489a-b1fa-132bb982d690","space_name":"dev","space_id":"1570c08f-8417-47b0-a70e-b3dd46bc3541","msg":"serving DerivationConfigService {\n  impl: 'srv/derivation-config-service.js',\n  path: '/service/derivationconfig'\n}","type":"log"} (STDOUT, APP/PROC/WEB)#
#2026 08 31 09:08:17.520#Z#DEBUG#f4f69719-a51a-11f1-a367-eeee0a8d51d5.mdm-businesspartner-srv#flowable-async-job-executor-thread-9099#
[PollStartAppStatusExecution] 9f5d3a8f-af04-4cde-a61c-889c2c8e970b [2026-08-31T09:08:15.184768] {"level":"info","logger":"cds","timestamp":"2026-08-31T09:08:15.184Z","layer":"cds","component_type":"application","container_id":"10.0.201.15","component_id":"9f5d3a8f-af04-4cde-a61c-889c2c8e970b","component_name":"mdm-businesspartner-srv","component_instance":0,"source_instance":0,"organization_name":"alluvion-dev-cf","organization_id":"4db8ddab-8d73-489a-b1fa-132bb982d690","space_name":"dev","space_id":"1570c08f-8417-47b0-a70e-b3dd46bc3541","msg":"serving DuplicateConfigService {\n  impl: 'srv/duplicate-config-service.js',\n  path: '/service/duplicateconfig'\n}","type":"log"} (STDOUT, APP/PROC/WEB)#
#2026 08 31 09:08:17.520#Z#DEBUG#f4f69719-a51a-11f1-a367-eeee0a8d51d5.mdm-businesspartner-srv#flowable-async-job-executor-thread-9099#
[PollStartAppStatusExecution] 9f5d3a8f-af04-4cde-a61c-889c2c8e970b [2026-08-31T09:08:15.190830] {"level":"info","logger":"cds","timestamp":"2026-08-31T09:08:15.190Z","layer":"cds","component_type":"application","container_id":"10.0.201.15","component_id":"9f5d3a8f-af04-4cde-a61c-889c2c8e970b","component_name":"mdm-businesspartner-srv","component_instance":0,"source_instance":0,"organization_name":"alluvion-dev-cf","organization_id":"4db8ddab-8d73-489a-b1fa-132bb982d690","space_name":"dev","space_id":"1570c08f-8417-47b0-a70e-b3dd46bc3541","msg":"server listening on { url: 'http://localhost:8080' }","type":"log"} (STDOUT, APP/PROC/WEB)#
#2026 08 31 09:08:17.520#Z#DEBUG#f4f69719-a51a-11f1-a367-eeee0a8d51d5.mdm-businesspartner-srv#flowable-async-job-executor-thread-9099#
[PollStartAppStatusExecution] 9f5d3a8f-af04-4cde-a61c-889c2c8e970b [2026-08-31T09:08:15.190939] [cds] - server launched at 8/31/2026, 9:08:13 AM, version: 8.9.10, in: 1.216s (STDOUT, APP/PROC/WEB)#
#2026 08 31 09:08:17.520#Z#DEBUG#f4f69719-a51a-11f1-a367-eeee0a8d51d5.mdm-businesspartner-srv#flowable-async-job-executor-thread-9099#
[PollStartAppStatusExecution] 9f5d3a8f-af04-4cde-a61c-889c2c8e970b [2026-08-31T09:08:15.203118] {"custom_fields":{"messageContext":"environment-accessor","package":"connectivity"},"level":"warn","logger":"sap-cloud-sdk-logger","message":"Found multiple bindings for service 'xsuaa'. App names:\n\t- mdm-businesspartner-alluvion-dev-cf-dev!t512170\n\t- na-b4fc2c1b-090f-482c-a8aa-4b04f53c3b8e!a512170\nChoosing first one ('mdm-businesspartner-alluvion-dev-cf-dev!t512170').","msg":"Found multiple bindings for service 'xsuaa'. App names:\n\t- mdm-businesspartner-alluvion-dev-cf-dev!t512170\n\t- na-b4fc2c1b-090f-482c-a8aa-4b04f53c3b8e!a512170\nChoosing first one ('mdm-businesspartner-alluvion-dev-cf-dev!t512170').","timestamp":"2026-08-31T09:08:15.202Z","written_at":"2026-08-31T09:08:15.202Z","written_ts":1788167295202} (STDOUT, APP/PROC/WEB)#
#2026 08 31 09:08:17.520#Z#DEBUG#f4f69719-a51a-11f1-a367-eeee0a8d51d5.mdm-businesspartner-srv#flowable-async-job-executor-thread-9099#
[PollStartAppStatusExecution] 9f5d3a8f-af04-4cde-a61c-889c2c8e970b [2026-08-31T09:08:15.206552] {"custom_fields":{"messageContext":"environment-accessor","package":"connectivity"},"level":"warn","logger":"sap-cloud-sdk-logger","message":"Found multiple bindings for service 'xsuaa'. App names:\n\t- mdm-businesspartner-alluvion-dev-cf-dev!t512170\n\t- na-b4fc2c1b-090f-482c-a8aa-4b04f53c3b8e!a512170\nChoosing first one ('mdm-businesspartner-alluvion-dev-cf-dev!t512170').","msg":"Found multiple bindings for service 'xsuaa'. App names:\n\t- mdm-businesspartner-alluvion-dev-cf-dev!t512170\n\t- na-b4fc2c1b-090f-482c-a8aa-4b04f53c3b8e!a512170\nChoosing first one ('mdm-businesspartner-alluvion-dev-cf-dev!t512170').","timestamp":"2026-08-31T09:08:15.205Z","written_at":"2026-08-31T09:08:15.205Z","written_ts":1788167295205} (STDOUT, APP/PROC/WEB)#
#2026 08 31 09:08:17.520#Z#DEBUG#f4f69719-a51a-11f1-a367-eeee0a8d51d5.mdm-businesspartner-srv#flowable-async-job-executor-thread-9099#
[PollStartAppStatusExecution] 9f5d3a8f-af04-4cde-a61c-889c2c8e970b [2026-08-31T09:08:15.430529] {"custom_fields":{"messageContext":"environment-accessor","package":"connectivity"},"level":"warn","logger":"sap-cloud-sdk-logger","message":"Found multiple bindings for service 'xsuaa'. App names:\n\t- mdm-businesspartner-alluvion-dev-cf-dev!t512170\n\t- na-b4fc2c1b-090f-482c-a8aa-4b04f53c3b8e!a512170\nChoosing first one ('mdm-businesspartner-alluvion-dev-cf-dev!t512170').","msg":"Found multiple bindings for service 'xsuaa'. App names:\n\t- mdm-businesspartner-alluvion-dev-cf-dev!t512170\n\t- na-b4fc2c1b-090f-482c-a8aa-4b04f53c3b8e!a512170\nChoosing first one ('mdm-businesspartner-alluvion-dev-cf-dev!t512170').","timestamp":"2026-08-31T09:08:15.430Z","written_at":"2026-08-31T09:08:15.430Z","written_ts":1788167295430} (STDOUT, APP/PROC/WEB)#
#2026 08 31 09:08:17.520#Z#DEBUG#f4f69719-a51a-11f1-a367-eeee0a8d51d5.mdm-businesspartner-srv#flowable-async-job-executor-thread-9099#
[PollStartAppStatusExecution] 9f5d3a8f-af04-4cde-a61c-889c2c8e970b [2026-08-31T09:08:15.551407] {"custom_fields":{"messageContext":"connectivity-service","package":"connectivity"},"level":"warn","logger":"sap-cloud-sdk-logger","message":"You are connecting to an On-Premise system using basic authentication. For productive usage Principal propagation is recommended.","msg":"You are connecting to an On-Premise system using basic authentication. For productive usage Principal propagation is recommended.","timestamp":"2026-08-31T09:08:15.550Z","written_at":"2026-08-31T09:08:15.550Z","written_ts":1788167295550} (STDOUT, APP/PROC/WEB)#
#2026 08 31 09:08:17.520#Z#DEBUG#f4f69719-a51a-11f1-a367-eeee0a8d51d5.mdm-businesspartner-srv#flowable-async-job-executor-thread-9099#
[PollStartAppStatusExecution] 9f5d3a8f-af04-4cde-a61c-889c2c8e970b [2026-08-31T09:08:15.731684] {"level":"warn","logger":"metadata","timestamp":"2026-08-31T09:08:15.731Z","layer":"cds","component_type":"application","container_id":"10.0.201.15","component_id":"9f5d3a8f-af04-4cde-a61c-889c2c8e970b","component_name":"mdm-businesspartner-srv","component_instance":0,"source_instance":0,"organization_name":"alluvion-dev-cf","organization_id":"4db8ddab-8d73-489a-b1fa-132bb982d690","space_name":"dev","space_id":"1570c08f-8417-47b0-a70e-b3dd46bc3541","msg":"[metadata] API_BUSINESS_PARTNER has drifted and reads may already be failing — A_Customer no longer exposes BR_ICMSTaxPayerType; A_Supplier no longer exposes BusinessPartnerPanNumber, JP_SuplrAmtInCapitalAmount, JP_SupplierCapitalAmountCrcy; A_CustomerSalesArea no longer exposes CustomerStatisticsGroup; A_CustomerWithHoldingTax no longer exposes RecipientType. Re-import with `npm run import:bp` and commit srv/external.","type":"log"} (STDERR, APP/PROC/WEB)#
#2026 08 31 09:08:17.520#Z#DEBUG#f4f69719-a51a-11f1-a367-eeee0a8d51d5.mdm-businesspartner-srv#flowable-async-job-executor-thread-9099#
[PollStartAppStatusExecution] 9f5d3a8f-af04-4cde-a61c-889c2c8e970b [2026-08-31T09:08:15.732724] {"custom_fields":{"messageContext":"environment-accessor","package":"connectivity"},"level":"warn","logger":"sap-cloud-sdk-logger","message":"Found multiple bindings for service 'xsuaa'. App names:\n\t- mdm-businesspartner-alluvion-dev-cf-dev!t512170\n\t- na-b4fc2c1b-090f-482c-a8aa-4b04f53c3b8e!a512170\nChoosing first one ('mdm-businesspartner-alluvion-dev-cf-dev!t512170').","msg":"Found multiple bindings for service 'xsuaa'. App names:\n\t- mdm-businesspartner-alluvion-dev-cf-dev!t512170\n\t- na-b4fc2c1b-090f-482c-a8aa-4b04f53c3b8e!a512170\nChoosing first one ('mdm-businesspartner-alluvion-dev-cf-dev!t512170').","timestamp":"2026-08-31T09:08:15.732Z","written_at":"2026-08-31T09:08:15.732Z","written_ts":1788167295732} (STDOUT, APP/PROC/WEB)#
#2026 08 31 09:08:17.520#Z#DEBUG#f4f69719-a51a-11f1-a367-eeee0a8d51d5.mdm-businesspartner-srv#flowable-async-job-executor-thread-9099#
[PollStartAppStatusExecution] 9f5d3a8f-af04-4cde-a61c-889c2c8e970b [2026-08-31T09:08:15.733849] {"custom_fields":{"messageContext":"environment-accessor","package":"connectivity"},"level":"warn","logger":"sap-cloud-sdk-logger","message":"Found multiple bindings for service 'xsuaa'. App names:\n\t- mdm-businesspartner-alluvion-dev-cf-dev!t512170\n\t- na-b4fc2c1b-090f-482c-a8aa-4b04f53c3b8e!a512170\nChoosing first one ('mdm-businesspartner-alluvion-dev-cf-dev!t512170').","msg":"Found multiple bindings for service 'xsuaa'. App names:\n\t- mdm-businesspartner-alluvion-dev-cf-dev!t512170\n\t- na-b4fc2c1b-090f-482c-a8aa-4b04f53c3b8e!a512170\nChoosing first one ('mdm-businesspartner-alluvion-dev-cf-dev!t512170').","timestamp":"2026-08-31T09:08:15.733Z","written_at":"2026-08-31T09:08:15.733Z","written_ts":1788167295733} (STDOUT, APP/PROC/WEB)#
#2026 08 31 09:08:17.520#Z#DEBUG#f4f69719-a51a-11f1-a367-eeee0a8d51d5.mdm-businesspartner-srv#flowable-async-job-executor-thread-9099#
[PollStartAppStatusExecution] 9f5d3a8f-af04-4cde-a61c-889c2c8e970b [2026-08-31T09:08:15.734706] {"custom_fields":{"messageContext":"environment-accessor","package":"connectivity"},"level":"warn","logger":"sap-cloud-sdk-logger","message":"Found multiple bindings for service 'xsuaa'. App names:\n\t- mdm-businesspartner-alluvion-dev-cf-dev!t512170\n\t- na-b4fc2c1b-090f-482c-a8aa-4b04f53c3b8e!a512170\nChoosing first one ('mdm-businesspartner-alluvion-dev-cf-dev!t512170').","msg":"Found multiple bindings for service 'xsuaa'. App names:\n\t- mdm-businesspartner-alluvion-dev-cf-dev!t512170\n\t- na-b4fc2c1b-090f-482c-a8aa-4b04f53c3b8e!a512170\nChoosing first one ('mdm-businesspartner-alluvion-dev-cf-dev!t512170').","timestamp":"2026-08-31T09:08:15.734Z","written_at":"2026-08-31T09:08:15.734Z","written_ts":1788167295734} (STDOUT, APP/PROC/WEB)#
#2026 08 31 09:08:17.520#Z#DEBUG#f4f69719-a51a-11f1-a367-eeee0a8d51d5.mdm-businesspartner-srv#flowable-async-job-executor-thread-9099#
[PollStartAppStatusExecution] 9f5d3a8f-af04-4cde-a61c-889c2c8e970b [2026-08-31T09:08:15.734768] {"custom_fields":{"messageContext":"connectivity-service","package":"connectivity"},"level":"warn","logger":"sap-cloud-sdk-logger","message":"You are connecting to an On-Premise system using basic authentication. For productive usage Principal propagation is recommended.","msg":"You are connecting to an On-Premise system using basic authentication. For productive usage Principal propagation is recommended.","timestamp":"2026-08-31T09:08:15.734Z","written_at":"2026-08-31T09:08:15.734Z","written_ts":1788167295734} (STDOUT, APP/PROC/WEB)#
#2026 08 31 09:08:17.520#Z#DEBUG#f4f69719-a51a-11f1-a367-eeee0a8d51d5.mdm-businesspartner-srv#flowable-async-job-executor-thread-9099#
[PollStartAppStatusExecution] 9f5d3a8f-af04-4cde-a61c-889c2c8e970b [2026-08-31T09:08:15.813054] Container became healthy (STDOUT, CELL)#
#2026 08 31 09:08:17.520#Z#DEBUG#f4f69719-a51a-11f1-a367-eeee0a8d51d5.mdm-businesspartner-srv#flowable-async-job-executor-thread-9099#
[PollStartAppStatusExecution] 9f5d3a8f-af04-4cde-a61c-889c2c8e970b [2026-08-31T09:08:15.813154] Container passed the readiness health check. Container marked ready and added to route pool. (STDOUT, HEALTH)#
#2026 08 31 09:08:17.520#Z#DEBUG#f4f69719-a51a-11f1-a367-eeee0a8d51d5.mdm-businesspartner-srv#flowable-async-job-executor-thread-9099#
[PollStartAppStatusExecution] 9f5d3a8f-af04-4cde-a61c-889c2c8e970b [2026-08-31T09:08:15.842224] {"level":"warn","logger":"metadata","timestamp":"2026-08-31T09:08:15.841Z","layer":"cds","component_type":"application","container_id":"10.0.201.15","component_id":"9f5d3a8f-af04-4cde-a61c-889c2c8e970b","component_name":"mdm-businesspartner-srv","component_instance":0,"source_instance":0,"organization_name":"alluvion-dev-cf","organization_id":"4db8ddab-8d73-489a-b1fa-132bb982d690","space_name":"dev","space_id":"1570c08f-8417-47b0-a70e-b3dd46bc3541","msg":"[metadata] ZSRVB_MDMLIGHT_VH has drifted and reads may already be failing — entity set CustomerTaxCategories is watched but exists in neither the local copy nor the live service. Re-import with `npm run import:valuehelp` and commit srv/external.","type":"log"} (STDERR, APP/PROC/WEB)#
#2026 08 31 09:08:17.520#Z#DEBUG#f4f69719-a51a-11f1-a367-eeee0a8d51d5.mdm-businesspartner-srv#flowable-async-job-executor-thread-9099#
[PollStartAppStatusExecution] 9f5d3a8f-af04-4cde-a61c-889c2c8e970b [2026-08-31T09:08:16.090635] Process became ready with guid 9f5d3a8f-af04-4cde-a61c-889c2c8e970b payload: {"instance"=>"366b4252-243e-4c25-5227-15d8", "index"=>0, "cell_id"=>"19a48790-ff0a-4b72-8138-7ba3c13a85af", "ready"=>true, "version"=>"4c8e7ad8-827f-4ea4-aa06-6c53ba86faef"} (STDOUT, API)#
